Script started on 2021-11-04 10:25:13-04:00 [TERM="xterm-256color" TTY="/dev/pts/1" COLUMNS="80" LINES="24"]
bash: /home/umrigar/cs220/bin.student.rc: No such file or directory
dorbach1@g7-27:~/i220a/submit/lab9$ ls 
exercises  lab9.LOG
dorbach1@g7-27:~/i220a/submit/lab9$ cd exercises/
dorbach1@g7-27:~/i220a/submit/lab9/exercises$ ls
1  quote-files
dorbach1@g7-27:~/i220a/submit/lab9/exercises$ cd 1
dorbach1@g7-27:~/i220a/submit/lab9/exercises/1$ cd ..
dorbach1@g7-27:~/i220a/submit/lab9/exercises$ cd quot`[Ke-files/
dorbach1@g7-27:~/i220a/submit/lab9/exercises/quote-files$ ls
'**'  '1$2'  "'12"  '1"2'  'a$b'  '\\ab'  'a"b'  "a'b"	 -l
dorbach1@g7-27:~/i220a/submit/lab9/exercises/quote-files$ echo \\
\
dorbach1@g7-27:~/i220a/submit/lab9/exercises/quote-files$ echo \'
'
dorbach1@g7-27:~/i220a/submit/lab9/exercises/quote-files$ echo \*
*
dorbach1@g7-27:~/i220a/submit/lab9/exercises/quote-files$ echo \$OH[K[KHOME\ "\\
> 
> \
> 
> a
> "
$HOME \


a

dorbach1@g7-27:~/i220a/submit/lab9/exercises/quote-files$ echo \$HOME\ "\\

\

a
"[A[A[A[A[A[C[C[C[C[C[C[C[C[C[C[C[C[C[C[C[C[C[C[C[C[C[C[C[C[C[C[C[C[C[C[C[C[C[C[C[C[C[C[C[C[C[C[C[C[C[C[C[C[C[C[C[C[C[C[C[C[C[C[C[C[C[C[C*[K
[K
[K
[K
[K
[K[A[A[A[A[A[C[C[C[C[C[C[C[C[C[C[C[C[C[C[C[C[C[C[C[C[C[C[C[C[C[C[C[C[C[C[C[C[C[C[C[C[C[C[C[C[C[C[C[C[C[C[C[C[C[C[C[C[C[C[C[C[C[C[C[C[C[C[C[C[C[K[K\$HOME\"\\
$HOME"\
dorbach1@g7-27:~/i220a/submit/lab9/exercises/quote-files$ echo '\'
\
dorbach1@g7-27:~/i220a/submit/lab9/exercises/quote-files$ echo '\\'
\\
dorbach1@g7-27:~/i220a/submit/lab9/exercises/quote-files$ echo '*$`[K~'
*$~
dorbach1@g7-27:~/i220a/submit/lab9/exercises/quote-files$ echo

dorbach1@g7-27:~/i220a/submit/lab9/exercises/quote-files$ echo '\''
> '
\

dorbach1@g7-27:~/i220a/submit/lab9/exercises/quote-files$ echo "\"\\"
"\
dorbach1@g7-27:~/i220a/submit/lab9/exercises/quote-files$ echo "$HOME
> "
/home/dorbach1

dorbach1@g7-27:~/i220a/submit/lab9/exercises/quote-files$ ls *$*
-rw-r----- 1 dorbach1 dorbach1 0 Nov  4 10:22 '**'
-rw-r----- 1 dorbach1 dorbach1 0 Nov  4 10:22 '1$2'
-rw-r----- 1 dorbach1 dorbach1 0 Nov  4 10:22 "'12"
-rw-r----- 1 dorbach1 dorbach1 0 Nov  4 10:22 '1"2'
-rw-r----- 1 dorbach1 dorbach1 0 Nov  4 10:22 'a$b'
-rw-r----- 1 dorbach1 dorbach1 0 Nov  4 10:22 '\\ab'
-rw-r----- 1 dorbach1 dorbach1 0 Nov  4 10:22 'a"b'
-rw-r----- 1 dorbach1 dorbach1 0 Nov  4 10:22 "a'b"
dorbach1@g7-27:~/i220a/submit/lab9/exercises/quote-files$ ld[Ks *\$*
'1$2'  'a$b'
dorbach1@g7-27:~/i220a/submit/lab9/exercises/quote-files$ ls *\'|[K*
"'12"  "a'b"
dorbach1@g7-27:~/i220a/submit/lab9/exercises/quote-files$ ls *\'*-*\'*l*\'* *\'*
-rw-r----- 1 dorbach1 dorbach1 0 Nov  4 10:22 "'12"
-rw-r----- 1 dorbach1 dorbach1 0 Nov  4 10:22 "a'b"
dorbach1@g7-27:~/i220a/submit/lab9/exercises/quote-files$ ls \\*
'\\ab'
dorbach1@g7-27:~/i220a/submit/lab9/exercises/quote-files$ ks [K[K[Kls ??
-rw-r----- 1 dorbach1 dorbach1 0 Nov  4 10:22 '**'
dorbach1@g7-27:~/i220a/submit/lab9/exercises/quote-files$ ls -l ??
-rw-r----- 1 dorbach1 dorbach1 0 Nov  4 10:22 '**'
dorbach1@g7-27:~/i220a/submit/lab9/exercises/quote-files$ ld[Ks
'**'  '1$2'  "'12"  '1"2'  'a$b'  '\\ab'  'a"b'  "a'b"	 -l
dorbach1@g7-27:~/i220a/submit/lab9/exercises/quote-files$ ls -- ??
'**'   -l
dorbach1@g7-27:~/i220a/submit/lab9/exercises/quote-files$ env
SHELL=/bin/bash
SESSION_MANAGER=local/g7-27:@/tmp/.ICE-unix/578707,unix/g7-27:/tmp/.ICE-unix/578707
WINDOWID=65011715
QT_ACCESSIBILITY=1
COLORTERM=truecolor
XDG_CONFIG_DIRS=/etc/xdg
XDG_SESSION_PATH=/org/freedesktop/DisplayManager/Session0
XDG_MENU_PREFIX=xfce-
GTK_IM_MODULE=ibus
QT4_IM_MODULE=ibus
SSH_AUTH_SOCK=/tmp/ssh-dfLHl6j8asXS/agent.578625
XMODIFIERS=@im=ibus
DESKTOP_SESSION=lightdm-xsession
SSH_AGENT_PID=578680
GTK_MODULES=gail:atk-bridge
XDG_SEAT=seat0
PWD=/home/dorbach1/i220a/submit/lab9/exercises/quote-files
KRB5CCNAME=FILE:/tmp/krb5cc_15253_UhH7Wg
LOGNAME=dorbach1
XDG_SESSION_DESKTOP=lightdm-xsession
XDG_SESSION_TYPE=x11
XAUTHORITY=/home/dorbach1/.Xauthority
XDG_GREETER_DATA_DIR=/var/lib/lightdm/data/dorbach1
HOME=/home/dorbach1
LANG=en_US.UTF-8
XDG_CURRENT_DESKTOP=XFCE
VTE_VERSION=5402
XDG_SEAT_PATH=/org/freedesktop/DisplayManager/Seat0
CHAINENV_CONFIG_ROOT=/home/dorbach1/.config/chainenv
CLUTTER_IM_MODULE=ibus
GLADE_CATALOG_PATH=:
XDG_SESSION_CLASS=user
TERM=xterm-256color
USER=dorbach1
DISPLAY=:0.0
SHLVL=2
QT_IM_MODULE=ibus
XDG_VTNR=7
XDG_SESSION_ID=7
GLADE_MODULE_PATH=:
XDG_RUNTIME_DIR=/run/user/15253
CHAINENV_SHELL=bash
GLADE_PIXMAP_PATH=:
XDG_DATA_DIRS=/usr/share/xfce4:/usr/local/share/:/usr/share/:/usr/share
PATH=/home/dorbach1/.config/chainenv/shims:/opt/chainenv/bin:/home/dorbach1/.config/chainenv/shims:/opt/chainenv/bin:/usr/local/bin:/usr/bin:/bin:/usr/local/games:/usr/games
GDMSESSION=lightdm-xsession
DBUS_SESSION_BUS_ADDRESS=unix:path=/run/user/15253/bus
CHAINENV_ROOT=/opt/chainenv
OLDPWD=/home/dorbach1/i220a/submit/lab9/exercises
_=/usr/bin/env
dorbach1@g7-27:~/i220a/submit/lab9/exercises/quote-files$ echo $HOME
/home/dorbach1
dorbach1@g7-27:~/i220a/submit/lab9/exercises/quote-files$ echo $PATH
/home/dorbach1/.config/chainenv/shims:/opt/chainenv/bin:/home/dorbach1/.config/chainenv/shims:/opt/chainenv/bin:/usr/local/bin:/usr/bin:/bin:/usr/local/games:/usr/games
dorbach1@g7-27:~/i220a/submit/lab9/exercises/quote-files$ echo $xxx

dorbach1@g7-27:~/i220a/submit/lab9/exercises/quote-files$ xxx=123
dorbach1@g7-27:~/i220a/submit/lab9/exercises/quote-files$ echo $xxx
123
dorbach1@g7-27:~/i220a/submit/lab9/exercises/quote-files$ env | grep xxx
dorbach1@g7-27:~/i220a/submit/lab9/exercises/quote-files$ expor x[K[K[Krt xxx
dorbach1@g7-27:~/i220a/submit/lab9/exercises/quote-files$ env |grep xxx
xxx=123
dorbach1@g7-27:~/i220a/submit/lab9/exercises/quote-files$ export xx=[K=456[K[K[K[Kx=45
dorbach1@g7-27:~/i220a/submit/lab9/exercises/quote-files$ env | gre[ [K[Kp xxx
xxx=45
dorbach1@g7-27:~/i220a/submit/lab9/exercises/quote-files$ p = $PATH[K[K[K[K[K[K[K[K=$T[K[K$PATH
dorbach1@g7-27:~/i220a/submit/lab9/exercises/quote-files$ echo p
p
dorbach1@g7-27:~/i220a/submit/lab9/exercises/quote-files$ PATH [K=0
dorbach1@g7-27:~/i220a/submit/lab9/exercises/quote-files$ echo $PATH
0
dorbach1@g7-27:~/i220a/submit/lab9/exercises/quote-files$ ls
bash: ls: command not found
dorbach1@g7-27:~/i220a/submit/lab9/exercises/quote-files$ ex[K[K#p[KPA[K[K[Kexpot[Krt path [K=[K[K[K[K[KPATH=$p
dorbach1@g7-27:~/i220a/submit/lab9/exercises/quote-files$ echo $PS[KATH
/home/dorbach1/.config/chainenv/shims:/opt/chainenv/bin:/home/dorbach1/.config/chainenv/shims:/opt/chainenv/bin:/usr/local/bin:/usr/bin:/bin:/usr/local/games:/usr/games
dorbach1@g7-27:~/i220a/submit/lab9/exercises/quote-files$ ls
'**'  '1$2'  "'12"  '1"2'  'a$b'  '\\ab'  'a"b'  "a'b"	 -l
dorbach1@g7-27:~/i220a/submit/lab9/exercises/quote-files$ la ; wc*
bash: la: command not found
bash: wc*: command not found
dorbach1@g7-27:~/i220a/submit/lab9/exercises/quote-files$ ls : [K[K' wc *
> quit[K[K[K[Ka
> '
ls: cannot access ' wc *'$'\n''a'$'\n': No such file or directory
dorbach1@g7-27:~/i220a/submit/lab9/exercises/quote-files$ ls ; wc *
'**'  '1$2'  "'12"  '1"2'  'a$b'  '\\ab'  'a"b'  "a'b"	 -l
0 **
0 1$2
0 '12
0 1"2
0 a$b
0 \\ab
0 a"b
0 a'b
0 total
dorbach1@g7-27:~/i220a/submit/lab9/exercises/quote-files$ find / -name /[K'*.c' 2>/ dev/null
/import/linux/opt/arduino-1.0.1/hardware/arduino/bootloaders/atmega/ATmegaBOOT_168.c
/import/linux/opt/arduino-1.0.1/hardware/arduino/bootloaders/atmega8/ATmegaBOOT.c
/import/linux/opt/arduino-1.0.1/hardware/arduino/bootloaders/bt/ATmegaBOOT_168.c
/import/linux/opt/arduino-1.0.1/hardware/arduino/bootloaders/caterina/Caterina.c
/import/linux/opt/arduino-1.0.1/hardware/arduino/bootloaders/caterina/Descriptors.c
/import/linux/opt/arduino-1.0.1/hardware/arduino/bootloaders/lilypad/src/ATmegaBOOT.c
/import/linux/opt/arduino-1.0.1/hardware/arduino/bootloaders/optiboot/optiboot.c
/import/linux/opt/arduino-1.0.1/hardware/arduino/bootloaders/stk500v2/stk500boot.c
/import/linux/opt/arduino-1.0.1/hardware/arduino/cores/arduino/WInterrupts.c
/import/linux/opt/arduino-1.0.1/hardware/arduino/cores/arduino/wiring.c
/import/linux/opt/arduino-1.0.1/hardware/arduino/cores/arduino/wiring_analog.c
/import/linux/opt/arduino-1.0.1/hardware/arduino/cores/arduino/wiring_digital.c
/import/linux/opt/arduino-1.0.1/hardware/arduino/cores/arduino/wiring_pulse.c
/import/linux/opt/arduino-1.0.1/hardware/arduino/cores/arduino/wiring_shift.c
/import/linux/opt/arduino-1.0.1/hardware/arduino/firmwares/arduino-usbdfu/Arduino-usbdfu.c
/import/linux/opt/arduino-1.0.1/hardware/arduino/firmwares/arduino-usbdfu/Descriptors.c
/import/linux/opt/arduino-1.0.1/hardware/arduino/firmwares/arduino-usbserial/Arduino-usbserial.c
/import/linux/opt/arduino-1.0.1/hardware/arduino/firmwares/arduino-usbserial/Descriptors.c
/import/linux/opt/arduino-1.0.1/libraries/Wire/utility/twi.c
/import/linux/opt/cadence/ASSURA314/install/bin.lnx86/cdsudp.c
/import/linux/opt/cadence/ASSURA314/install/bin.lnx86/genControl.c
/import/linux/opt/cadence/ASSURA314/install/bin.lnx86/io_fltr.c
/import/linux/opt/cadence/ASSURA314/install/bin.lnx86/process_file.c
/import/linux/opt/cadence/IC5141/install/bin.lnx86/cdsudp.c
/import/linux/opt/cadence/IC5141/install/bin.lnx86/genControl.c
/import/linux/opt/cadence/IC5141/install/bin.lnx86/io_fltr.c
/import/linux/opt/cadence/IC5141/install/bin.lnx86/process_file.c
/import/linux/opt/cadence/IC5141/tools.lnx86/dfII/samples/artist/OCEAN/corners/design/inv2.c
/import/linux/opt/cadence/IC5141/tools.lnx86/dfII/samples/artist/OCEAN/monteCarlo/spectreS/netlist/low_nat_stat.c
/import/linux/opt/cadence/IC5141/tools.lnx86/dfII/samples/artist/OCEAN/opamp741CharSpectreS/design/opampTest.c
/import/linux/opt/cadence/IC5141/tools.lnx86/dfII/samples/artist/OCEAN/paramAnalysis/design/opampAC.c
/import/linux/opt/cadence/IC5141/tools.lnx86/dfII/samples/artist/OCEAN/pll/design/analog/top.c
^C
dorbach1@g7-27:~/i220a/submit/lab9/exercises/quote-files$ find /-name '*.c' 2>de v/null>[K >c-files.list & 
[1] 582688
dorbach1@g7-27:~/i220a/submit/lab9/exercises/quote-files$ bash: dev/null: No such file or directory
find /-name '*.c' 2>dev/null >c-files.list & [A[C[C[C[C[C[C[C[C[C[C[C[C[C[C[C[C[C[C[C[C[C[C[C[C[C[C[C[C[C[C[C[C[C[C[C[C[C[C[C[C[C[C[C[C[C[C[C[C[C[C[C[C[C[C[C[C[C[C[C[C[C[C[C[C[C[C[C[C[C[C[C[C[C[C[C[C[C[C[C
[C[C[C[C[C[C[C[C[C[C[C[C[C[C[C[C[C[C[C[C[1@/
[2] 582709
bash: dev/null: No such file or directory
[1]   Exit 1                  find /-name '*.c' 2> dev/null > c-files.list
dorbach1@g7-27:~/i220a/submit/lab9/exercises/quote-files$ ls
'**'  '1$2'  "'12"  '1"2'  'a$b'  '\\ab'  'a"b'  "a'b"	 -l
[2]+  Exit 1                  find /-name '*.c' 2> dev/null > c-files.list/
dorbach1@g7-27:~/i220a/submit/lab9/exercises/quote-files$ jobs
dorbach1@g7-27:~/i220a/submit/lab9/exercises/quote-files$ ls
'**'  '1$2'  "'12"  '1"2'  'a$b'  '\\ab'  'a"b'  "a'b"	 -l
dorbach1@g7-27:~/i220a/submit/lab9/exercises/quote-files$ ls[Cjobs[2Plsfind /-name '*.c' 2>dev/null >c-files.list/ & [1P[C[C[C[A[C[C[C[C[C[C[C[C[C[C[C[C[C[C[C[C[C[C[C[C[C[C[C[C[C[C[C[C[C[C[C[C[C[C[C[C[C[C[C[C[C[C[C[C[C[C[C[C[C[C[C[C[C[C[C[C[C[C[C[C[C[C[C[C[C[C[C[C[C[C[C[C[C[C[C[C[C[C[C -name '*.c' 2>de[1@v[A[C[C[C[C[C[C[C[C[C[C[C[C[C[C[C[C[C[C[C[C[C[C[C[C[C[C[C[C[C[C[C[C[C[C[C[C[C[C[C[C[C[C[C[C[C[C[C[C[C[C[C[C[C[C[C[C[C[C[C[C[C[C[C[C[C[C[C[C[C[C[C[C[C[C[C[C[C/d[1@e[C[C[C[C[C[C[C[C[C[C[C[C[C[C[C[C[C[C[C[C[C[C[C[1P[C[C[C[C[C
[1] 582810
dorbach1@g7-27:~/i220a/submit/lab9/exercises/quote-files$ jpbs
bash: jpbs: command not found
dorbach1@g7-27:~/i220a/submit/lab9/exercises/quote-files$ josb[K[Kbs
[1]+  Running                 find / -name '*.c' 2> /dev/null > c-files.lst &
dorbach1@g7-27:~/i220a/submit/lab9/exercises/quote-files$ ls 
'**'  '1$2'  "'12"  '1"2'  'a$b'  '\\ab'  'a"b'  "a'b"	 c-files.lst   -l
dorbach1@g7-27:~/i220a/submit/lab9/exercises/quote-files$ cat c-files.list | wc
cat: c-files.list: No such file or directory
      0       0       0
dorbach1@g7-27:~/i220a/submit/lab9/exercises/quote-files$ cat c-files.list | wc[1P
    392     392   31101
dorbach1@g7-27:~/i220a/submit/lab9/exercises/quote-files$ cat c-files.lst | wc
   2449    2449  186527
dorbach1@g7-27:~/i220a/submit/lab9/exercises/quote-files$ kill %1
dorbach1@g7-27:~/i220a/submit/lab9/exercises/quote-files$ cs[Kd ~
[1]+  Terminated              find / -name '*.c' 2> /dev/null > c-files.lst  (wd: ~/i220a/submit/lab9/exercises/quote-files)
(wd now: ~)
dorbach1@g7-27:~$ pwd
/home/dorbach1
dorbach1@g7-27:~$ xx=123
dorbach1@g7-27:~$ pwd [K; echo $xx [K; (xx=abc; cd /; [wd' echo[K[K[K[K[K[K[K[K[Kpwd; echo $xx); pwd; echo [K $xx
/home/dorbach1
123
/
abc
/home/dorbach1
123
dorbach1@g7-27:~$ (cd ~/cs200[K[K20'[K; git log -1)
[?1h=[33mcommit 4ca413434ed8d8fb17a9b0757221347554195042[m[33m ([m[1;36mHEAD -> [m[1;32mmain[m[33m, [m[1;31morigin/main[m[33m, [m[1;31morig[m [33m[m[33m[m[1;36m[m[1;32m[m[33m[m[1;31m[m[33m[m[1;31min/HEAD[m[33m)[m[m
Author: zerksis umrigar <umrigar@binghamton.edu>[m
Date:   Wed Nov 3 21:09:45 2021 -0400[m
[m
    announce exercises[m
[K[?1l>dorbach1@g7-27:~$ ^V[Kgrep -i 'MAIN(' `find ~/cs220/projects -name '*.[ch]'`
/home/dorbach1/cs220/projects/prj1/prj1-sol/main.c:main(int argc, const char *argv[])
/home/dorbach1/cs220/projects/prj1/prj1-sol/tests.c:main(void)
/home/dorbach1/cs220/projects/prj1-sol/main.c:main(int argc, const char *argv[])
/home/dorbach1/cs220/projects/prj1-sol/tests.c:main(void)
/home/dorbach1/cs220/projects/prj2/prj2-sol/main.c:main(int argc, const char *argv[])
/home/dorbach1/cs220/projects/prj2/prj2-sol/tests.c:main(void)
/home/dorbach1/cs220/projects/prj2-sol/main.c:main(int argc, const char *argv[])
/home/dorbach1/cs220/projects/prj2-sol/tests.c:main(void)
dorbach1@g7-27:~$ grep -i 'MAIN(' `find ~/cs220/projects -name '*.[ch]'`
/home/dorbach1/cs220/projects/prj1/prj1-sol/main.c:main(int argc, const char *argv[])
/home/dorbach1/cs220/projects/prj1/prj1-sol/tests.c:main(void)
/home/dorbach1/cs220/projects/prj1-sol/main.c:main(int argc, const char *argv[])
/home/dorbach1/cs220/projects/prj1-sol/tests.c:main(void)
/home/dorbach1/cs220/projects/prj2/prj2-sol/main.c:main(int argc, const char *argv[])
/home/dorbach1/cs220/projects/prj2/prj2-sol/tests.c:main(void)
/home/dorbach1/cs220/projects/prj2-sol/main.c:main(int argc, const char *argv[])
/home/dorbach1/cs220/projects/prj2-sol/tests.c:main(void)
dorbach1@g7-27:~$ wc -l '`find ~/cs220/projects -name '*.[ch]'`[1@=[1P[1P[C[C[C[C[C[C[C[C[C[C[C[C[C[C[C[C[C[C[C[C[C[C[C[C[C[C[C[C[C[C[C[C[C[C[C[C[C[K'
wc: 'find ~/cs220/projects -name *.[ch]': No such file or directory
dorbach1@g7-27:~$ wc -l 'find ~/cs220/projects -name '*.[ch]''[1@-[1@=[1@`[1P[1P[1P[1P[1@`[C[C[C[C[C[C[C[C[C[C[C[C[C[C[C[C[C[C[C[C[C[C[C[C[C[C[C[C[C[C[C[C[C[C[C[C[C[K`
    28 /home/dorbach1/cs220/projects/prj1/prj1-sol/file-utils.c
    18 /home/dorbach1/cs220/projects/prj1/prj1-sol/file-utils.h
   107 /home/dorbach1/cs220/projects/prj1/prj1-sol/main.c
   218 /home/dorbach1/cs220/projects/prj1/prj1-sol/morse.c
    88 /home/dorbach1/cs220/projects/prj1/prj1-sol/morse.h
   523 /home/dorbach1/cs220/projects/prj1/prj1-sol/tests.c
    51 /home/dorbach1/cs220/projects/prj1/prj1-sol/tests.h
    28 /home/dorbach1/cs220/projects/prj1-sol/file-utils.c
    18 /home/dorbach1/cs220/projects/prj1-sol/file-utils.h
   107 /home/dorbach1/cs220/projects/prj1-sol/main.c
   290 /home/dorbach1/cs220/projects/prj1-sol/morse.c
    88 /home/dorbach1/cs220/projects/prj1-sol/morse.h
   523 /home/dorbach1/cs220/projects/prj1-sol/tests.c
    51 /home/dorbach1/cs220/projects/prj1-sol/tests.h
    73 /home/dorbach1/cs220/projects/prj2/prj2-sol/int-set-strings.c
    25 /home/dorbach1/cs220/projects/prj2/prj2-sol/int-set-strings.h
    58 /home/dorbach1/cs220/projects/prj2/prj2-sol/int-set.h
    81 /home/dorbach1/cs220/projects/prj2/prj2-sol/main.c
   571 /home/dorbach1/cs220/projects/prj2/prj2-sol/tests.c
    73 /home/dorbach1/cs220/projects/prj2-sol/int-set-strings.c
    25 /home/dorbach1/cs220/projects/prj2-sol/int-set-strings.h
   235 /home/dorbach1/cs220/projects/prj2-sol/int-set.c
    59 /home/dorbach1/cs220/projects/prj2-sol/int-set.h
    81 /home/dorbach1/cs220/projects/prj2-sol/main.c
   624 /home/dorbach1/cs220/projects/prj2-sol/tests.c
  4043 total
dorbach1@g7-27:~$ echo $/[K?
0
dorbach1@g7-27:~$ false; echo1[K[Ko 123
123
dorbach1@g7-27:~$ true echo 123
dorbach1@g7-27:~$ false; echo $?
1
dorbach1@g7-27:~$ true [K; echo $?
0
dorbach1@g7-27:~$ false && echo 123
dorbach1@g7-27:~$ true && echo 123
123
dorbach1@g7-27:~$ false || echo 123
123
dorbach1@g7-27:~$ true e[K|| eh[Kcho 123
dorbach1@g7-27:~$ sleep 10 && echo 123
123
dorbach1@g7-27:~$ exit

Script done on 2021-11-04 10:57:18-04:00 [COMMAND_EXIT_CODE="0"]
